[backblue.gif]
[fade.gif]
[index.html]
[www.udghosh.org/img/favicon-32x32.png]
[s.codepen.io/assets/libs/modernizr.1.delayed]
[cdnjs.cloudflare.com/ajax/libs/normalize/5.0.0/normalize.min.css]
[maxcdn.bootstrapcdn.com/bootstrap/3.3.7/css/bootstrap.min.css]
[ajax.googleapis.com/ajax/libs/jquery/3.2.1/jquery.min.js]
[www.udghosh.org/js/modernizr.js]
[www.udghosh.org/img/logo.png]
[www.udghosh.org/img/tracing-the-roots.png]
[www.udghosh.org/img/google-play-badge.png]
[www.udghosh.org/js/jquery-2.1.1.js]
[www.udghosh.org/js/index.js]
[www.udghosh.org/js/main.js]
[cdnjs.cloudflare.com/ajax/libs/jquery/2.1.3/jquery.min.js]
[cdnjs.cloudflare.com/ajax/libs/prefixfree/1.0.7/prefixfree.min.js]
[www.udghosh.org/img/Sponsors/lohia_group.jpg]
[www.udghosh.org/img/Sponsors/airtel.png]
[www.udghosh.org/img/Sponsors/jyoti strips.png]
[www.udghosh.org/img/Sponsors/sbi.png]
[www.udghosh.org/img/Sponsors/danik jagran.png]
[www.udghosh.org/img/Sponsors/upsidc.jpg]
[www.udghosh.org/img/Sponsors/baadshah.png]
[www.udghosh.org/img/Sponsors/apl apollo.png]
[www.udghosh.org/img/Sponsors/kesco.png]
[www.udghosh.org/img/Sponsors/alcis.png]
[www.udghosh.org/img/Sponsors/lic.png]
[www.udghosh.org/img/Sponsors/fastrack.png]
[www.udghosh.org/img/Sponsors/vh1.png]
[www.udghosh.org/img/Sponsors/hrs.png]
[www.udghosh.org/img/Sponsors/cugl.png]
[www.udghosh.org/img/Sponsors/alfa.png]
[www.udghosh.org/img/Sponsors/campusevents.png]
[www.udghosh.org/img/Sponsors/yonex.png]
[www.udghosh.org/img/Sponsors/wrogn.png]
[www.udghosh.org/img/Sponsors/heini.png]
[www.udghosh.org/img/Sponsors/denver.jpg]
[www.udghosh.org/img/Sponsors/time.jpg]
[www.udghosh.org/img/Sponsors/zebronics.jpg]
[www.udghosh.org/img/Sponsors/stag.png]
[www.udghosh.org/img/Sponsors/tata stryder.png]
[www.udghosh.org/img/Sponsors/dream.png]
[www.udghosh.org/img/Sponsors/campus e shop.png]
[www.udghosh.org/img/Sponsors/fashion saloon.png]
[www.udghosh.org/img/Sponsors/digi.png]
[www.udghosh.org/img/Sponsors/fuko.jpg]
[www.udghosh.org/img/Sponsors/grapevine.png]
[www.udghosh.org/img/Sponsors/jagran engage.png]
[www.udghosh.org/img/Sponsors/shara news.jpg]
[www.udghosh.org/img/Sponsors/carnival.png]
[www.udghosh.org/img/Sponsors/big fm.png]
[www.udghosh.org/img/Sponsors/royal.png]
[www.udghosh.org/img/Sponsors/red hat production.jpg]
[www.udghosh.org/img/Sponsors/fit muscle.png]
[www.udghosh.org/img/Sponsors/indian news.png]
[www.udghosh.org/img/Sponsors/du beats.png]
[www.udghosh.org/img/Sponsors/mtv.png]
[www.udghosh.org/img/Sponsors/rammo.jpg]
[www.udghosh.org/index.html]
[s.codepen.io/assets/libs/modernizr.html]
[s3-us-west-2.amazonaws.com/s.cdpn.io/148866/reset.css]
[cdnjs.cloudflare.com/ajax/libs/normalize/5.0.0/normalize.min.css]
[maxcdn.bootstrapcdn.com/bootstrap/3.3.7/css/bootstrap.min.css]
[cdnjs.cloudflare.com/ajax/libs/font-awesome/4.6.3/css/font-awesome.css]
[www.udghosh.org/img/portal.png]
[www.udghosh.org/img/CA1.png]
[www.udghosh.org/img/lookback1.png]
[www.udghosh.org/css/nav.css]
[maxcdn.bootstrapcdn.com/bootstrap/3.3.7/js/bootstrap.min.js]
[www.udghosh.org/img/background1.png]
[www.udghosh.org/css/style2.css]
[www.udghosh.org/css/home.css]
[www.udghosh.org/css/style1.css]
[www.udghosh.org/Events/img/favicon-32x32.png]
[cdnjs.cloudflare.com/ajax/libs/font-awesome/4.7.0/css/font-awesome.min.css]
[use.fontawesome.com/fd2ef9ab09.js]
[www.udghosh.org/Events/img/background1.png]
[www.udghosh.org/Events/img/logo.png]
[www.udghosh.org/Events/img/sporticon/general.png]
[www.udghosh.org/Events/img/sporticon/athletic.png]
[www.udghosh.org/Events/img/sporticon/badminton1.png]
[www.udghosh.org/Events/img/sporticon/basketball1.png]
[www.udghosh.org/Events/img/sporticon/carom.png]
[www.udghosh.org/Events/img/sporticon/chess.png]
[www.udghosh.org/Events/img/sporticon/cricket1.png]
[www.udghosh.org/Events/img/sporticon/football1.png]
[www.udghosh.org/Events/img/sporticon/handball.png]
[www.udghosh.org/Events/img/sporticon/hockey1.png]
[www.udghosh.org/Events/img/sporticon/Kabaddi.png]
[www.udghosh.org/Events/img/sporticon/KHO kho.png]
[www.udghosh.org/Events/img/sporticon/LAWN tennis1.png]
[www.udghosh.org/Events/img/sporticon/mr udghosh.png]
[www.udghosh.org/Events/img/sporticon/powerlifting.png]
[www.udghosh.org/Events/img/sporticon/sports quiz.png]
[www.udghosh.org/Events/img/sporticon/squash.png]
[www.udghosh.org/Events/img/sporticon/table tennis.png]
[www.udghosh.org/Events/img/sporticon/volleyball1.png]
[www.udghosh.org/Events/js/jquery-2.1.4.js]
[www.udghosh.org/Events/js/jquery.mobile.custom.min.js]
[www.udghosh.org/Events/js/main.js]
[www.udghosh.org/Events/img/Sponsors/lohia_group.jpg]
[www.udghosh.org/Events/img/Sponsors/airtel.png]
[www.udghosh.org/Events/img/Sponsors/jyoti strips.png]
[www.udghosh.org/Events/img/Sponsors/sbi.png]
[www.udghosh.org/Events/img/Sponsors/danik jagran.png]
[www.udghosh.org/Events/img/Sponsors/upsidc.jpg]
[www.udghosh.org/Events/img/Sponsors/baadshah.png]
[www.udghosh.org/Events/img/Sponsors/apl apollo.png]
[www.udghosh.org/Events/img/Sponsors/kesco.png]
[www.udghosh.org/Events/img/Sponsors/alcis.png]
[www.udghosh.org/Events/img/Sponsors/lic.png]
[www.udghosh.org/Events/img/Sponsors/fastrack.png]
[www.udghosh.org/Events/img/Sponsors/vh1.png]
[www.udghosh.org/Events/img/Sponsors/hrs.png]
[www.udghosh.org/Events/img/Sponsors/cugl.png]
[www.udghosh.org/Events/img/Sponsors/alfa.png]
[www.udghosh.org/Events/img/Sponsors/campusevents.png]
[www.udghosh.org/Events/img/Sponsors/yonex.png]
[www.udghosh.org/Events/img/Sponsors/wrogn.png]
[www.udghosh.org/Events/img/Sponsors/heini.png]
[www.udghosh.org/Events/img/Sponsors/denver.jpg]
[www.udghosh.org/Events/img/Sponsors/time.jpg]
[www.udghosh.org/Events/img/Sponsors/zebronics.jpg]
[www.udghosh.org/Events/img/Sponsors/stag.png]
[www.udghosh.org/Events/img/Sponsors/tata stryder.png]
[www.udghosh.org/Events/img/Sponsors/dream.png]
[www.udghosh.org/Events/img/Sponsors/campus e shop.png]
[www.udghosh.org/Events/img/Sponsors/fashion saloon.png]
[www.udghosh.org/Events/img/Sponsors/digi.png]
[www.udghosh.org/Events/img/Sponsors/fuko.jpg]
[www.udghosh.org/Events/img/Sponsors/grapevine.png]
[www.udghosh.org/Events/img/Sponsors/jagran engage.png]
[www.udghosh.org/Events/img/Sponsors/shara news.jpg]
[www.udghosh.org/Events/img/Sponsors/carnival.png]
[www.udghosh.org/Events/img/Sponsors/big fm.png]
[www.udghosh.org/Events/img/Sponsors/royal.png]
[www.udghosh.org/Events/img/Sponsors/red hat production.jpg]
[www.udghosh.org/Events/img/Sponsors/fit muscle.png]
[www.udghosh.org/Events/img/Sponsors/indian news.png]
[www.udghosh.org/Events/img/Sponsors/du beats.png]
[www.udghosh.org/Events/img/Sponsors/mtv.png]
[www.udghosh.org/Events/img/Sponsors/rammo.jpg]
[www.udghosh.org/Events/index.html]
[www.udghosh.org/Gallery/img/favicon-32x32.png]
[cdn.jsdelivr.net/lightgallery/latest/css/lightgallery.css]
[www.udghosh.org/Gallery/img/background1.png]
[www.udghosh.org/Gallery/img/logo.png]
[www.udghosh.org/Gallery/image/foot1.jpg]
[www.udghosh.org/Gallery/image/hockey1.jpg]
[www.udghosh.org/Gallery/image/voleyball1.jpg]
[www.udghosh.org/Gallery/image/foot2.jpg]
[www.udghosh.org/Gallery/image/table_tennis1.jpg]
[www.udghosh.org/Gallery/image/cricket1.jpg]
[www.udghosh.org/Gallery/image/cricket2.jpg]
[www.udghosh.org/Gallery/image/basketball1.jpg]
[www.udghosh.org/Gallery/image/foot3.jpg]
[www.udghosh.org/Gallery/image/foot4.jpg]
[www.udghosh.org/Gallery/image/voleyball3.jpg]
[www.udghosh.org/Gallery/image/voleyball4.jpg]
[www.udghosh.org/Gallery/image/table_tennis2.jpg]
[www.udghosh.org/Gallery/image/cricket3.jpg]
[www.udghosh.org/Gallery/image/voleyball5.jpg]
[www.udghosh.org/Gallery/image/cricket4.jpg]
[www.udghosh.org/Gallery/image/table_tennis3.jpg]
[www.udghosh.org/Gallery/image/foot5.jpg]
[www.udghosh.org/Gallery/image/voleyball7.jpg]
[www.udghosh.org/Gallery/image/cricket5.jpg]
[www.udghosh.org/Gallery/image/cricket6.jpg]
[www.udghosh.org/Gallery/image/foot6.jpg]
[www.udghosh.org/Gallery/image/foot7.jpg]
[www.udghosh.org/Gallery/image/voleyball8.jpg]
[www.udghosh.org/Gallery/image/voleyball9.jpg]
[cdn.jsdelivr.net/picturefill/2.3.1/picturefill.min.js]
[cdnjs.cloudflare.com/ajax/libs/jquery-mousewheel/3.1.13/jquery.mousewheel.min.js]
[www.udghosh.org/Gallery/js/index.js]
[www.udghosh.org/Gallery/img/Sponsors/lohia_group.jpg]
[www.udghosh.org/Gallery/img/Sponsors/airtel.png]
[www.udghosh.org/Gallery/img/Sponsors/jyoti strips.png]
[www.udghosh.org/Gallery/img/Sponsors/sbi.png]
[www.udghosh.org/Gallery/img/Sponsors/danik jagran.png]
[www.udghosh.org/Gallery/img/Sponsors/upsidc.jpg]
[www.udghosh.org/Gallery/img/Sponsors/baadshah.png]
[www.udghosh.org/Gallery/img/Sponsors/apl apollo.png]
[www.udghosh.org/Gallery/img/Sponsors/kesco.png]
[www.udghosh.org/Gallery/img/Sponsors/alcis.png]
[www.udghosh.org/Gallery/img/Sponsors/lic.png]
[www.udghosh.org/Gallery/img/Sponsors/fastrack.png]
[www.udghosh.org/Gallery/img/Sponsors/vh1.png]
[www.udghosh.org/Gallery/img/Sponsors/hrs.png]
[www.udghosh.org/Gallery/img/Sponsors/cugl.png]
[www.udghosh.org/Gallery/img/Sponsors/alfa.png]
[www.udghosh.org/Gallery/img/Sponsors/mtv.png]
[www.udghosh.org/Gallery/img/Sponsors/yonex.png]
[www.udghosh.org/Gallery/img/Sponsors/wrogn.png]
[www.udghosh.org/Gallery/img/Sponsors/heini.png]
[www.udghosh.org/Gallery/img/Sponsors/denver.jpg]
[www.udghosh.org/Gallery/img/Sponsors/time.jpg]
[www.udghosh.org/Gallery/img/Sponsors/zebronics.jpg]
[www.udghosh.org/Gallery/img/Sponsors/stag.png]
[www.udghosh.org/Gallery/img/Sponsors/tata stryder.png]
[www.udghosh.org/Gallery/img/Sponsors/dream.png]
[www.udghosh.org/Gallery/img/Sponsors/campus e shop.png]
[www.udghosh.org/Gallery/img/Sponsors/fashion saloon.png]
[www.udghosh.org/Gallery/img/Sponsors/digi.png]
[www.udghosh.org/Gallery/img/Sponsors/fuko.jpg]
[www.udghosh.org/Gallery/img/Sponsors/grapevine.png]
[www.udghosh.org/Gallery/img/Sponsors/jagran engage.png]
[www.udghosh.org/Gallery/img/Sponsors/shara news.jpg]
[www.udghosh.org/Gallery/img/Sponsors/carnival.png]
[www.udghosh.org/Gallery/img/Sponsors/big fm.png]
[www.udghosh.org/Gallery/img/Sponsors/royal.png]
[www.udghosh.org/Gallery/img/Sponsors/red hat production.jpg]
[www.udghosh.org/Gallery/img/Sponsors/fit muscle.png]
[www.udghosh.org/Gallery/img/Sponsors/indian news.png]
[www.udghosh.org/Gallery/img/Sponsors/du beats.png]
[www.udghosh.org/Gallery/index.html]
[www.udghosh.org/Team/img/favicon-32x32.png]
[www.udghosh.org/Team/img/background1.png]
[www.udghosh.org/Team/img/logo.png]
[www.udghosh.org/Team/img/Sponsors/lohia_group.jpg]
[www.udghosh.org/Team/img/Sponsors/airtel.png]
[www.udghosh.org/Team/img/Sponsors/jyoti strips.png]
[www.udghosh.org/Team/img/Sponsors/sbi.png]
[www.udghosh.org/Team/img/Sponsors/danik jagran.png]
[www.udghosh.org/Team/img/Sponsors/upsidc.jpg]
[www.udghosh.org/Team/img/Sponsors/baadshah.png]
[www.udghosh.org/Team/img/Sponsors/apl apollo.png]
[www.udghosh.org/Team/img/Sponsors/kesco.png]
[www.udghosh.org/Team/img/Sponsors/alcis.png]
[www.udghosh.org/Team/img/Sponsors/lic.png]
[www.udghosh.org/Team/img/Sponsors/fastrack.png]
[www.udghosh.org/Team/img/Sponsors/vh1.png]
[www.udghosh.org/Team/img/Sponsors/hrs.png]
[www.udghosh.org/Team/img/Sponsors/cugl.png]
[www.udghosh.org/Team/img/Sponsors/alfa.png]
[www.udghosh.org/Team/img/Sponsors/mtv.png]
[www.udghosh.org/Team/img/Sponsors/yonex.png]
[www.udghosh.org/Team/img/Sponsors/wrogn.png]
[www.udghosh.org/Team/img/Sponsors/heini.png]
[www.udghosh.org/Team/img/Sponsors/denver.jpg]
[www.udghosh.org/Team/img/Sponsors/time.jpg]
[www.udghosh.org/Team/img/Sponsors/zebronics.jpg]
[www.udghosh.org/Team/img/Sponsors/stag.png]
[www.udghosh.org/Team/img/Sponsors/tata stryder.png]
[www.udghosh.org/Team/img/Sponsors/dream.png]
[www.udghosh.org/Team/img/Sponsors/campus e shop.png]
[www.udghosh.org/Team/img/Sponsors/fashion saloon.png]
[www.udghosh.org/Team/img/Sponsors/digi.png]
[www.udghosh.org/Team/img/Sponsors/fuko.jpg]
[www.udghosh.org/Team/img/Sponsors/grapevine.png]
[www.udghosh.org/Team/img/Sponsors/jagran engage.png]
[www.udghosh.org/Team/img/Sponsors/shara news.jpg]
[www.udghosh.org/Team/img/Sponsors/carnival.png]
[www.udghosh.org/Team/img/Sponsors/big fm.png]
[www.udghosh.org/Team/img/Sponsors/royal.png]
[www.udghosh.org/Team/img/Sponsors/red hat production.jpg]
[www.udghosh.org/Team/img/Sponsors/fit muscle.png]
[www.udghosh.org/Team/img/Sponsors/indian news.png]
[www.udghosh.org/Team/img/Sponsors/du beats.png]
[www.udghosh.org/Team/index.html]
[www.udghosh.org/Informals/img/favicon-32x32.png]
[www.udghosh.org/Informals/img/background1.png]
[www.udghosh.org/Informals/img/logo.png]
[www.udghosh.org/Informals/images/informals/archery.jpg]
[www.udghosh.org/Informals/images/informals/humanFoosball.jpg]
[www.udghosh.org/Informals/images/informals/paintball.jpg]
[www.udghosh.org/Informals/images/informals/sumo.jpg]
[www.udghosh.org/Informals/images/informals/zorbfoot.jpg]
[www.udghosh.org/Informals/img/Sponsors/lohia_group.jpg]
[www.udghosh.org/Informals/img/Sponsors/airtel.png]
[www.udghosh.org/Informals/img/Sponsors/jyoti strips.png]
[www.udghosh.org/Informals/img/Sponsors/sbi.png]
[www.udghosh.org/Informals/img/Sponsors/danik jagran.png]
[www.udghosh.org/Informals/img/Sponsors/upsidc.jpg]
[www.udghosh.org/Informals/img/Sponsors/baadshah.png]
[www.udghosh.org/Informals/img/Sponsors/apl apollo.png]
[www.udghosh.org/Informals/img/Sponsors/kesco.png]
[www.udghosh.org/Informals/img/Sponsors/alcis.png]
[www.udghosh.org/Informals/img/Sponsors/lic.png]
[www.udghosh.org/Informals/img/Sponsors/fastrack.png]
[www.udghosh.org/Informals/img/Sponsors/vh1.png]
[www.udghosh.org/Informals/img/Sponsors/hrs.png]
[www.udghosh.org/Informals/img/Sponsors/cugl.png]
[www.udghosh.org/Informals/img/Sponsors/alfa.png]
[www.udghosh.org/Informals/img/Sponsors/mtv.png]
[www.udghosh.org/Informals/img/Sponsors/yonex.png]
[www.udghosh.org/Informals/img/Sponsors/wrogn.png]
[www.udghosh.org/Informals/img/Sponsors/heini.png]
[www.udghosh.org/Informals/img/Sponsors/denver.jpg]
[www.udghosh.org/Informals/img/Sponsors/time.jpg]
[www.udghosh.org/Informals/img/Sponsors/zebronics.jpg]
[www.udghosh.org/Informals/img/Sponsors/stag.png]
[www.udghosh.org/Informals/img/Sponsors/tata stryder.png]
[www.udghosh.org/Informals/img/Sponsors/dream.png]
[www.udghosh.org/Informals/img/Sponsors/campus e shop.png]
[www.udghosh.org/Informals/img/Sponsors/fashion saloon.png]
[www.udghosh.org/Informals/img/Sponsors/digi.png]
[www.udghosh.org/Informals/img/Sponsors/fuko.jpg]
[www.udghosh.org/Informals/img/Sponsors/grapevine.png]
[www.udghosh.org/Informals/img/Sponsors/jagran engage.png]
[www.udghosh.org/Informals/img/Sponsors/shara news.jpg]
[www.udghosh.org/Informals/img/Sponsors/carnival.png]
[www.udghosh.org/Informals/img/Sponsors/big fm.png]
[www.udghosh.org/Informals/img/Sponsors/royal.png]
[www.udghosh.org/Informals/img/Sponsors/red hat production.jpg]
[www.udghosh.org/Informals/img/Sponsors/fit muscle.png]
[www.udghosh.org/Informals/img/Sponsors/indian news.png]
[www.udghosh.org/Informals/img/Sponsors/du beats.png]
[www.udghosh.org/Informals/AdventureVilla.html]
[www.udghosh.org/Hospitality/img/favicon-32x32.png]
[www.udghosh.org/Hospitality/img/background1.png]
[www.udghosh.org/Hospitality/img/logo.png]
[www.udghosh.org/Hospitality/js/jquery-2.1.4.js]
[www.udghosh.org/Hospitality/js/jquery.mobile.custom.min.js]
[www.udghosh.org/Hospitality/js/main.js]
[www.udghosh.org/Hospitality/img/Sponsors/lohia_group.jpg]
[www.udghosh.org/Hospitality/img/Sponsors/airtel.png]
[www.udghosh.org/Hospitality/img/Sponsors/jyoti strips.png]
[www.udghosh.org/Hospitality/img/Sponsors/sbi.png]
[www.udghosh.org/Hospitality/img/Sponsors/danik jagran.png]
[www.udghosh.org/Hospitality/img/Sponsors/upsidc.jpg]
[www.udghosh.org/Hospitality/img/Sponsors/baadshah.png]
[www.udghosh.org/Hospitality/img/Sponsors/apl apollo.png]
[www.udghosh.org/Hospitality/img/Sponsors/kesco.png]
[www.udghosh.org/Hospitality/img/Sponsors/alcis.png]
[www.udghosh.org/Hospitality/img/Sponsors/lic.png]
[www.udghosh.org/Hospitality/img/Sponsors/fastrack.png]
[www.udghosh.org/Hospitality/img/Sponsors/vh1.png]
[www.udghosh.org/Hospitality/img/Sponsors/hrs.png]
[www.udghosh.org/Hospitality/img/Sponsors/cugl.png]
[www.udghosh.org/Hospitality/img/Sponsors/alfa.png]
[www.udghosh.org/Hospitality/img/Sponsors/mtv.png]
[www.udghosh.org/Hospitality/img/Sponsors/yonex.png]
[www.udghosh.org/Hospitality/img/Sponsors/wrogn.png]
[www.udghosh.org/Hospitality/img/Sponsors/heini.png]
[www.udghosh.org/Hospitality/img/Sponsors/denver.jpg]
[www.udghosh.org/Hospitality/img/Sponsors/time.jpg]
[www.udghosh.org/Hospitality/img/Sponsors/zebronics.jpg]
[www.udghosh.org/Hospitality/img/Sponsors/stag.png]
[www.udghosh.org/Hospitality/img/Sponsors/tata stryder.png]
[www.udghosh.org/Hospitality/img/Sponsors/dream.png]
[www.udghosh.org/Hospitality/img/Sponsors/campus e shop.png]
[www.udghosh.org/Hospitality/img/Sponsors/fashion saloon.png]
[www.udghosh.org/Hospitality/img/Sponsors/digi.png]
[www.udghosh.org/Hospitality/img/Sponsors/fuko.jpg]
[www.udghosh.org/Hospitality/img/Sponsors/grapevine.png]
[www.udghosh.org/Hospitality/img/Sponsors/jagran engage.png]
[www.udghosh.org/Hospitality/img/Sponsors/shara news.jpg]
[www.udghosh.org/Hospitality/img/Sponsors/carnival.png]
[www.udghosh.org/Hospitality/img/Sponsors/big fm.png]
[www.udghosh.org/Hospitality/img/Sponsors/royal.png]
[www.udghosh.org/Hospitality/img/Sponsors/red hat production.jpg]
[www.udghosh.org/Hospitality/img/Sponsors/fit muscle.png]
[www.udghosh.org/Hospitality/img/Sponsors/indian news.png]
[www.udghosh.org/Hospitality/img/Sponsors/du beats.png]
[www.udghosh.org/Hospitality/index.html]
[www.udghosh.org/SignUp/img/favicon-32x32.png]
[www.udghosh.org/SignUp/formback.png]
[www.udghosh.org/SignUp/img/logo.png]
[www.udghosh.org/SignUp/index.html]
[www.udghosh.org/img/Sponsors/time.jpg]
[cdnjs.cloudflare.com/ajax/libs/font-awesome/4.6.3/css/font-awesome.css]
[www.udghosh.org/assets/bg-img.html]
[www.udghosh.org/img/cd-arrow-bottom.svg]
[www.udghosh.org/img/cd-icon-3-small.svg]
[www.udghosh.org/Events/css/style.css]
[www.udghosh.org/Events/css/style1.css]
[cdnjs.cloudflare.com/ajax/libs/font-awesome/4.7.0/css/font-awesome.min.css]
[www.udghosh.org/Events/style1.html]
[www.udghosh.org/home.html]
[www.udghosh.org/Events/Register/signup.html]
[cdn.jsdelivr.net/lightgallery/latest/img/vimeo-play.png]
[cdn.jsdelivr.net/lightgallery/latest/img/video-play.png]
[cdn.jsdelivr.net/lightgallery/latest/img/youtube-play.png]
[cdn.jsdelivr.net/lightgallery/latest/css/lightgallery.css]
[cdn.jsdelivr.net/lightgallery/latest/img/loading.gif]
[www.udghosh.org/Gallery/css/style.css]
[www.udghosh.org/Gallery/css/style2.css]
[www.udghosh.org/Team/img/portal.png]
[www.udghosh.org/Team/img/CA1.png]
[www.udghosh.org/Team/img/lookback1.png]
[www.udghosh.org/Team/css/style.css]
[www.udghosh.org/Team/img/core-team/nitin.jpg]
[www.udghosh.org/Team/img/core-team/tarun.jpg]
[www.udghosh.org/Team/img/core-team/avani.jpg]
[www.udghosh.org/Team/img/core-team/kmittal.jpg]
[www.udghosh.org/Team/img/core-team/kapil.jpg]
[www.udghosh.org/Team/img/core-team/monil.jpg]
[www.udghosh.org/Team/img/core-team/himanshuJ.jpg]
[www.udghosh.org/Team/img/core-team/ujjwal.jpg]
[www.udghosh.org/Team/img/core-team/shash.jpg]
[www.udghosh.org/Team/img/core-team/naveed.jpg]
[www.udghosh.org/Team/img/core-team/shr.jpg]
[www.udghosh.org/Team/img/core-team/harsh.jpg]
[www.udghosh.org/Team/img/core-team/shubham.jpg]
[www.udghosh.org/Team/img/core-team/prashant.jpg]
[www.udghosh.org/Team/img/core-team/bishal.jpg]
[www.udghosh.org/Team/img/core-team/abhishek.jpg]
[www.udghosh.org/Team/img/core-team/sachin.jpg]
[www.udghosh.org/Team/img/core-team/shreya.jpg]
[www.udghosh.org/Team/img/core-team/saurabh.jpg]
[www.udghosh.org/Team/img/core-team/anshid.jpg]
[www.udghosh.org/Team/img/core-team/sudhir.jpg]
[www.udghosh.org/Team/css/contact.css]
[www.udghosh.org/index-2.html]
[www.udghosh.org/js/modernizr.custom.79639.html]
[www.udghosh.org/Informals/img/portal.png]
[www.udghosh.org/Informals/img/CA1.png]
[www.udghosh.org/Informals/img/lookback1.png]
[www.udghosh.org/Informals/css/style.css]
[www.udghosh.org/Informals/img/core-team/nitin.jpg]
[www.udghosh.org/Informals/img/core-team/tarun.jpg]
[www.udghosh.org/Informals/img/core-team/avani.jpg]
[www.udghosh.org/Informals/img/core-team/kmittal.jpg]
[www.udghosh.org/Informals/img/core-team/kapil.jpg]
[www.udghosh.org/Informals/img/core-team/monil.jpg]
[www.udghosh.org/Informals/img/core-team/himanshuJ.jpg]
[www.udghosh.org/Informals/img/core-team/ujjwal.jpg]
[www.udghosh.org/Informals/img/core-team/shash.jpg]
[www.udghosh.org/Informals/img/core-team/naveed.jpg]
[www.udghosh.org/Informals/img/core-team/shr.jpg]
[www.udghosh.org/Informals/img/core-team/harsh.jpg]
[www.udghosh.org/Informals/img/core-team/shubham.jpg]
[www.udghosh.org/Informals/img/core-team/prashant.jpg]
[www.udghosh.org/Informals/img/core-team/bishal.jpg]
[www.udghosh.org/Informals/img/core-team/abhishek.jpg]
[www.udghosh.org/Informals/img/core-team/sachin.jpg]
[www.udghosh.org/Informals/img/core-team/shreya.jpg]
[www.udghosh.org/Informals/css/contact.css]
[www.udghosh.org/Informals/css/float.css]
[www.udghosh.org/Informals/css/informals.css]
[www.udghosh.org/Informals/images/informals/airhockey.jpg]
[www.udghosh.org/Informals/images/informals/twister.jpg]
[www.udghosh.org/Informals/images/informals/tambola.jpg]
[www.udghosh.org/Informals/images/informals/poker.jpg]
[www.udghosh.org/Informals/images/informals/treasure.jpg]
[www.udghosh.org/Informals/images/informals/ball.jpg]
[www.udghosh.org/Informals/images/informals/tug.jpg]
[www.udghosh.org/Informals/images/informals/pool.jpg]
[www.udghosh.org/Informals/images/informals/yank me.jpg]
[www.udghosh.org/Informals/images/informals/baby rattle.jpg]
[www.udghosh.org/Informals/images/informals/blind fold.jpg]
[www.udghosh.org/Informals/images/informals/this blows_2.jpg]
[www.udghosh.org/Informals/images/informals/bottle neckin.jpg]
[www.udghosh.org/Informals/images/informals/candelier.jpg]
[www.udghosh.org/Informals/images/informals/Cuppaccino.jpg]
[www.udghosh.org/Informals/images/informals/defying gravity.jpg]
[www.udghosh.org/Informals/images/informals/floatactious.jpg]
[www.udghosh.org/Informals/images/informals/mock cid.jpg]
[www.udghosh.org/Informals/images/informals/movin_ on up.jpg]
[www.udghosh.org/Informals/images/informals/on the rebound.jpg]
[www.udghosh.org/Informals/images/informals/perfect kicker.jpg]
[www.udghosh.org/Informals/images/informals/pucker up.jpg]
[www.udghosh.org/Informals/images/informals/puzzlemania3.jpg]
[www.udghosh.org/Informals/images/informals/rapid fire.jpg]
[www.udghosh.org/Informals/images/informals/Ready Spaghetti.jpg]
[www.udghosh.org/Informals/images/informals/rope climbing.jpg]
[www.udghosh.org/Informals/images/informals/scavanger hunt.jpg]
[www.udghosh.org/Informals/images/informals/seperation anxiety.jpg]
[www.udghosh.org/Informals/images/informals/shooting.jpg]
[www.udghosh.org/Informals/images/informals/stack attack.jpg]
[www.udghosh.org/Informals/images/informals/the nutstacker.jpg]
[www.udghosh.org/Informals/funzone.html]
[www.udghosh.org/Informals/img/Sponsors/zebronics.jpg]
[www.udghosh.org/Hospitality/css/style.css]
[www.udghosh.org/Hospitality/css/style1.css]
[www.udghosh.org/Hospitality/style1.html]
[www.udghosh.org/Hospitality/Register/signup.html]
[www.udghosh.org/SignUp/style.css]
[www.udghosh.org/SignUp/js/main.html]
[www.udghosh.org/Login/img/favicon-32x32.png]
[www.udghosh.org/Login/formback.png]
[www.udghosh.org/Login/img/logo.png]
[www.udghosh.org/Login/index.html]
[www.udghosh.org/Events/img/portal.html]
[www.udghosh.org/Events/img/CA1.html]
[www.udghosh.org/Events/img/lookback1.html]
[www.udghosh.org/Events/img/cd-arrow.svg]
[www.udghosh.org/Informals/img/home.html]
[www.udghosh.org/Informals/img/sports.html]
[www.udghosh.org/Informals/img/informal.html]
[www.udghosh.org/Informals/img/gallery.html]
[www.udghosh.org/Informals/img/stats.html]
[www.udghosh.org/Informals/img/contact.html]
[www.udghosh.org/Informals/img/more.html]
[www.udghosh.org/Informals/img/map.html]
[www.udghosh.org/Informals/img/attractions.html]
[www.udghosh.org/Hospitality/img/portal.html]
[www.udghosh.org/Hospitality/img/CA1.html]
[www.udghosh.org/Hospitality/img/lookback1.html]
[www.udghosh.org/Hospitality/img/cd-arrow.svg]
[www.udghosh.org/Login/style.css]
[www.udghosh.org/Login/js/main.html]
